******************************************************************************
                  TI ARM Linker Unix v15.12.1                  
******************************************************************************
>> Linked Sat Dec 10 15:53:41 2016

OUTPUT FILE NAME:   <Project.out>
ENTRY POINT SYMBOL: "_c_int00"  address: 0000a021


MEMORY CONFIGURATION

         name            origin    length      used     unused   attr    fill
----------------------  --------  ---------  --------  --------  ----  --------
  MAIN                  00000000   00040000  000106be  0002f942  R  X
  INFO                  00200000   00004000  00000000  00004000  R  X
  SRAM_CODE             01000000   00010000  0000047c  0000fb84  RW X
  SRAM_DATA             20000000   00010000  0000047c  0000fb84  RW  


SEGMENT ALLOCATION MAP

run origin  load origin   length   init length attrs members
----------  ----------- ---------- ----------- ----- -------
00000000    00000000    000106c4   000106c4    r-x
  00000000    00000000    000000e4   000000e4    r-- .intvecs
  000000e4    000000e4    0000a292   0000a292    r-x .text
  0000a378    0000a378    00006264   00006264    r-- .const
  000105e0    000105e0    000000e4   000000e4    r-- .cinit
20000000    20000000    0000027c   00000000    rw-
  20000000    20000000    000000e4   00000000    rw- .vtable
  200000e4    200000e4    0000011c   00000000    rw- .data
  20000200    20000200    0000007c   00000000    rw- .bss
2000fe00    2000fe00    00000200   00000000    rw-
  2000fe00    2000fe00    00000200   00000000    rw- .stack


SECTION ALLOCATION MAP

 output                                  attributes/
section   page    origin      length       input sections
--------  ----  ----------  ----------   ----------------
.intvecs   0    00000000    000000e4     
                  00000000    000000e4     startup_msp432p401r_ccs.obj (.intvecs:retain)

.text      0    000000e4    0000a292     
                  000000e4    00002374     LCD.obj (.text)
                  00002458    000015a8     flash.obj (.text)
                  00003a00    000013c0     ST7735.obj (.text)
                  00004dc0    00001110     rtsv7M4_T_le_v4SPD16_eabi.lib : _printfi.obj (.text)
                  00005ed0    00000d7c     cs.obj (.text)
                  00006c4c    000008dc     Flash2.obj (.text)
                  00007528    00000480     gpio.obj (.text)
                  000079a8    000003f0     interrupt.obj (.text)
                  00007d98    000003d4     RTC.obj (.text)
                  0000816c    00000370     main.obj (.text)
                  000084dc    0000032c     system_msp432p401r.obj (.text)
                  00008808    00000264     Keypad.obj (.text)
                  00008a6c    00000244     SecurityCheck.obj (.text)
                  00008cb0    00000244     sysctl.obj (.text)
                  00008ef4    0000020c     Delay.obj (.text)
                  00009100    000001f4     rtsv7M4_T_le_v4SPD16_eabi.lib : ull_div_t2.obj (.text)
                  000092f4    000001b6                                   : fd_add_t2.obj (.text)
                  000094aa    00000002                                   : mpu_init.obj (.text)
                  000094ac    00000178     PHOTOCELL.obj (.text)
                  00009624    00000136     rtsv7M4_T_le_v4SPD16_eabi.lib : fd_div_t2.obj (.text)
                  0000975a    000000fc                                   : fd_mul_t2.obj (.text)
                  00009856    00000002                                   : startup.obj (.text)
                  00009858    000000fc                                   : s_scalbn.obj (.text)
                  00009954    000000e4     Motor.obj (.text)
                  00009a38    000000d8     wdt_a.obj (.text)
                  00009b10    0000009c     rtsv7M4_T_le_v4SPD16_eabi.lib : memcpy_t2.obj (.text)
                  00009bac    00000094                                   : snprintf.obj (.text)
                  00009c40    00000086                                   : fd_cmp_t2.obj (.text:__aeabi_cdcmple)
                  00009cc6    00000086                                   : fd_cmp_t2.obj (.text:__aeabi_cdrcmple)
                  00009d4c    0000007a                                   : memset_t2.obj (.text)
                  00009dc6    00000002     --HOLE-- [fill = 0]
                  00009dc8    00000070                                   : autoinit.obj (.text)
                  00009e38    0000006e                                   : fd_tos_t2.obj (.text)
                  00009ea6    0000006a                                   : copy_decompress_rle.obj (.text)
                  00009f10    00000064                                   : s_frexp.obj (.text)
                  00009f74    00000056                                   : ltoa.obj (.text)
                  00009fca    00000002     --HOLE-- [fill = 0]
                  00009fcc    00000054     PWM.obj (.text)
                  0000a020    00000054     rtsv7M4_T_le_v4SPD16_eabi.lib : boot.obj (.text)
                  0000a074    00000054                                   : exit.obj (.text)
                  0000a0c8    00000050     WatchDog.obj (.text)
                  0000a118    0000004c     rtsv7M4_T_le_v4SPD16_eabi.lib : atoi.obj (.text)
                  0000a164    0000004c                                   : cpy_tbl.obj (.text)
                  0000a1b0    00000048                                   : fd_toi_t2.obj (.text)
                  0000a1f8    00000044                                   : fd_tou_t2.obj (.text)
                  0000a23c    0000003e     cpu.obj (.text)
                  0000a27a    0000002e     rtsv7M4_T_le_v4SPD16_eabi.lib : i_tofd_t2.obj (.text)
                  0000a2a8    00000020                                   : u_tofd_t2.obj (.text)
                  0000a2c8    0000001c                                   : memccpy.obj (.text)
                  0000a2e4    00000018                                   : args_main.obj (.text)
                  0000a2fc    00000016                                   : strchr.obj (.text)
                  0000a312    00000002     --HOLE-- [fill = 0]
                  0000a314    00000014                                   : _lock.obj (.text)
                  0000a328    00000014                                   : s_copysign.obj (.text)
                  0000a33c    00000014                                   : strlen.obj (.text)
                  0000a350    0000000e                                   : copy_decompress_none.obj (.text:decompress:none)
                  0000a35e    0000000e     startup_msp432p401r_ccs.obj (.text)
                  0000a36c    00000006     rtsv7M4_T_le_v4SPD16_eabi.lib : copy_decompress_rle.obj (.text:decompress:rle24)
                  0000a372    00000004                                   : pre_init.obj (.text)

.const     0    0000a378    00006264     
                  0000a378    00005848     LCD.obj (.const:GV_Logo)
                  0000fbc0    000004fb     ST7735.obj (.const:.string:Font)
                  000100bb    00000200     ST7735.obj (.const:.string:dBfs)
                  000102bb    00000101     rtsv7M4_T_le_v4SPD16_eabi.lib : ctype.obj (.const:.string:_ctypes_)
                  000103bc    00000067     ST7735.obj (.const:.string:Bcmd)
                  00010423    00000001     --HOLE-- [fill = 0]
                  00010424    00000050     interrupt.obj (.const:g_pulRegs)
                  00010474    0000003b     ST7735.obj (.const:.string:Rcmd1)
                  000104af    0000002b     ST7735.obj (.const:.string:Rcmd3)
                  000104da    00000002     --HOLE-- [fill = 0]
                  000104dc    00000020     interrupt.obj (.const:g_pulPriority)
                  000104fc    0000001c     gpio.obj (.const:GPIO_PORT_TO_INT)
                  00010518    00000018     PHOTOCELL.obj (.const:$P$T0$1)
                  00010530    00000018     PWM.obj (.const:$P$T0$1)
                  00010548    00000014     RTC.obj (.const:$P$T0$1)
                  0001055c    0000000d     ST7735.obj (.const:.string:Rcmd2green)
                  00010569    0000000d     ST7735.obj (.const:.string:Rcmd2red)
                  00010576    0000000c     LCD.obj (.const:.string:$P$T0$1)
                  00010582    0000000c     LCD.obj (.const:.string:$P$T1$2)
                  0001058e    0000000c     LCD.obj (.const:.string:$P$T2$3)
                  0001059a    0000000c     LCD.obj (.const:.string:$P$T3$4)
                  000105a6    0000000c     LCD.obj (.const:.string:$P$T4$5)
                  000105b2    00000002     --HOLE-- [fill = 0]
                  000105b4    00000008     flash.obj (.const)
                  000105bc    00000008     interrupt.obj (.const:g_pulDisRegs)
                  000105c4    00000008     interrupt.obj (.const:g_pulEnRegs)
                  000105cc    00000008     interrupt.obj (.const:g_pulPendRegs)
                  000105d4    00000008     interrupt.obj (.const:g_pulUnpendRegs)

.cinit     0    000105e0    000000e4     
                  000105e0    000000a5     (.cinit..data.load) [load image, compression = rle]
                  00010685    00000003     --HOLE-- [fill = 0]
                  00010688    00000009     (.cinit..bss.load) [load image, compression = rle]
                  00010691    00000007     --HOLE-- [fill = 0]
                  00010698    00000009     (.cinit..vtable.load) [load image, compression = rle]
                  000106a1    00000003     --HOLE-- [fill = 0]
                  000106a4    00000008     (__TI_handler_table)
                  000106ac    00000018     (__TI_cinit_table)

.init_array 
*          0    00000000    00000000     UNINITIALIZED

.binit     0    00000000    00000000     

.vtable    0    20000000    000000e4     UNINITIALIZED
                  20000000    000000e4     interrupt.obj (.vtable)

.data      0    200000e4    0000011c     UNINITIALIZED
                  200000e4    0000004d     Flash2.obj (.data:AlarmInformation)
                  20000131    00000003     Delay.obj (.data)
                  20000134    00000040     flash.obj (.data:__getBurstProgramRegs)
                  20000174    00000030     gpio.obj (.data:GPIO_PORT_TO_BASE)
                  200001a4    00000018     Keypad.obj (.data:interval$1)
                  200001bc    00000014     ST7735.obj (.data)
                  200001d0    0000000c     rtsv7M4_T_le_v4SPD16_eabi.lib : exit.obj (.data:$O1$$)
                  200001dc    00000008                                   : _lock.obj (.data:$O1$$)
                  200001e4    00000008     Motor.obj (.data)
                  200001ec    00000004     Keypad.obj (.data)
                  200001f0    00000004     rtsv7M4_T_le_v4SPD16_eabi.lib : errno.obj (.data)
                  200001f4    00000004                                   : stkdepth_vars.obj (.data)
                  200001f8    00000004     system_msp432p401r.obj (.data)
                  200001fc    00000002     LCD.obj (.data)
                  200001fe    00000002     SecurityCheck.obj (.data)

.bss       0    20000200    0000007c     UNINITIALIZED
                  20000200    00000014     (.common:RTC_registers)
                  20000214    0000000c     (.common:Message)
                  20000220    00000008     cs.obj (.bss)
                  20000228    00000004     ST7735.obj (.bss)
                  2000022c    00000004     (.common:Messageindex)
                  20000230    00000004     (.common:X)
                  20000234    00000004     (.common:Ymax)
                  20000238    00000004     (.common:Ymin)
                  2000023c    00000004     (.common:Yrange)
                  20000240    00000004     (.common:dCycle)
                  20000244    00000004     (.common:pin)
                  20000248    00000004     (.common:result)
                  2000024c    00000004     (.common:tempPin)
                  20000250    00000004     (.common:voltage)
                  20000254    00000002     (.common:backgroundColor)
                  20000256    00000002     (.common:delayTime)
                  20000258    00000002     (.common:tempF)
                  2000025a    00000002     (.common:textBackgroundColor)
                  2000025c    00000002     (.common:textColor)
                  2000025e    00000001     (.common:AMPM)
                  2000025f    00000001     (.common:bcddate)
                  20000260    00000001     (.common:bcdday)
                  20000261    00000001     (.common:bcdhour)
                  20000262    00000001     (.common:bcdmin)
                  20000263    00000001     (.common:bcdmonth)
                  20000264    00000001     (.common:bcdyear)
                  20000265    00000001     (.common:buttonPressed)
                  20000266    00000001     (.common:date)
                  20000267    00000001     (.common:day)
                  20000268    00000001     (.common:didChangePin)
                  20000269    00000001     (.common:hasDetected)
                  2000026a    00000001     (.common:hour)
                  2000026b    00000001     (.common:isAM)
                  2000026c    00000001     (.common:isAnimations)
                  2000026d    00000001     (.common:isArmed)
                  2000026e    00000001     (.common:isDoorOpened)
                  2000026f    00000001     (.common:isLocked)
                  20000270    00000001     (.common:isMotionDetected)
                  20000271    00000001     (.common:isPM)
                  20000272    00000001     (.common:isWindowOpened)
                  20000273    00000001     (.common:min)
                  20000274    00000001     (.common:month)
                  20000275    00000001     (.common:sec)
                  20000276    00000001     (.common:shiftText)
                  20000277    00000001     (.common:state)
                  20000278    00000001     (.common:tempH)
                  20000279    00000001     (.common:tempL)
                  2000027a    00000001     (.common:whatDetected)
                  2000027b    00000001     (.common:year)

.stack     0    2000fe00    00000200     UNINITIALIZED
                  2000fe00    00000200     --HOLE--

MODULE SUMMARY

       Module                        code    ro data   rw data
       ------                        ----    -------   -------
    ./
       LCD.obj                       9076    22660     4      
       ST7735.obj                    5056    2018      112    
       Flash2.obj                    2268    0         154    
       RTC.obj                       980     20        0      
       main.obj                      880     0         0      
       system_msp432p401r.obj        812     0         8      
       Keypad.obj                    612     0         56     
       Delay.obj                     524     0         142    
       SecurityCheck.obj             580     0         4      
       PHOTOCELL.obj                 376     24        24     
       Motor.obj                     228     0         16     
       startup_msp432p401r_ccs.obj   14      228       0      
       PWM.obj                       84      24        0      
       WatchDog.obj                  80      0         0      
    +--+-----------------------------+-------+---------+---------+
       Total:                        21570   24974     520    
                                                              
    ./driverlib/MSP432P4xx/
       flash.obj                     5544    8         128    
       cs.obj                        3452    0         16     
       interrupt.obj                 1008    144       456    
       gpio.obj                      1152    28        96     
       sysctl.obj                    580     0         0      
       wdt_a.obj                     216     0         0      
       cpu.obj                       62      0         0      
    +--+-----------------------------+-------+---------+---------+
       Total:                        12014   180       696    
                                                              
    /Applications/ti/ccsv6/tools/compiler/ti-cgt-arm_15.12.1.LTS/lib/rtsv7M4_T_le_v4SPD16_eabi.lib
       _printfi.obj                  4368    0         0      
       ull_div_t2.obj                500     0         0      
       fd_add_t2.obj                 438     0         0      
       fd_div_t2.obj                 310     0         0      
       fd_cmp_t2.obj                 268     0         0      
       ctype.obj                     0       257       0      
       fd_mul_t2.obj                 252     0         0      
       s_scalbn.obj                  252     0         0      
       memcpy_t2.obj                 156     0         0      
       snprintf.obj                  148     0         0      
       memset_t2.obj                 122     0         0      
       autoinit.obj                  112     0         0      
       copy_decompress_rle.obj       112     0         0      
       fd_tos_t2.obj                 110     0         0      
       exit.obj                      84      0         24     
       s_frexp.obj                   100     0         0      
       ltoa.obj                      86      0         0      
       boot.obj                      84      0         0      
       atoi.obj                      76      0         0      
       cpy_tbl.obj                   76      0         0      
       fd_toi_t2.obj                 72      0         0      
       fd_tou_t2.obj                 68      0         0      
       i_tofd_t2.obj                 46      0         0      
       _lock.obj                     20      0         16     
       u_tofd_t2.obj                 32      0         0      
       memccpy.obj                   28      0         0      
       args_main.obj                 24      0         0      
       strchr.obj                    22      0         0      
       s_copysign.obj                20      0         0      
       strlen.obj                    20      0         0      
       copy_decompress_none.obj      14      0         0      
       errno.obj                     0       0         8      
       stkdepth_vars.obj             0       0         8      
       pre_init.obj                  4       0         0      
       mpu_init.obj                  2       0         0      
       startup.obj                   2       0         0      
    +--+-----------------------------+-------+---------+---------+
       Total:                        8028    257       56     
                                                              
       Stack:                        0       0         1024   
       Linker Generated:             0       215       0      
    +--+-----------------------------+-------+---------+---------+
       Grand Total:                  41612   25626     2296   


LINKER GENERATED COPY TABLES

__TI_cinit_table @ 000106ac records: 3, size/record: 8, table size: 24
	.data: load addr=000105e0, load size=000000a5 bytes, run addr=200000e4, run size=0000011c bytes, compression=rle
	.bss: load addr=00010688, load size=00000009 bytes, run addr=20000200, run size=0000007c bytes, compression=rle
	.vtable: load addr=00010698, load size=00000009 bytes, run addr=20000000, run size=000000e4 bytes, compression=rle


LINKER GENERATED HANDLER TABLE

__TI_handler_table @ 000106a4 records: 2, size/record: 4, table size: 8
	index: 0, handler: __TI_decompress_rle24
	index: 1, handler: __TI_decompress_none


GLOBAL SYMBOLS: SORTED ALPHABETICALLY BY Name 

address   name                                       
-------   ----                                       
0000953b  ADC14_IRQHandler                           
0000953b  ADC14_IRQHandler                           
0000a36b  AES256_IRQHandler                          
2000025e  AMPM                                       
200000e4  AlarmInformation                           
0000a36b  BusFault_Handler                           
0000a075  C$$EXIT                                    
0000a36b  COMP_E0_IRQHandler                         
0000a36b  COMP_E1_IRQHandler                         
0000a271  CPU_basepriGet                             
0000a263  CPU_basepriSet                             
0000a23d  CPU_cpsid                                  
0000a253  CPU_cpsie                                  
0000a249  CPU_primask                                
0000a25f  CPU_wfi                                    
0000a36b  CS_IRQHandler                              
00006bd1  CS_clearInterruptFlag                      
00006479  CS_disableClockRequest                     
0000655f  CS_disableDCOExternalResistor              
00006aa5  CS_disableFaultCounter                     
00006b8f  CS_disableInterrupt                        
00006451  CS_enableClockRequest                      
000064c1  CS_enableDCOExternalResistor               
00006a79  CS_enableFaultCounter                      
00006b6d  CS_enableInterrupt                         
00006a11  CS_getACLK                                 
000069d1  CS_getBCLK                                 
00006659  CS_getDCOFrequency                         
00006bb7  CS_getEnabledInterruptStatus               
000069ed  CS_getHSMCLK                               
00006bb1  CS_getInterruptStatus                      
00006a57  CS_getMCLK                                 
00006a35  CS_getSMCLK                                
00006171  CS_initClockSignal                         
00006bf3  CS_registerInterrupt                       
00006ad1  CS_resetFaultCounter                       
0000657d  CS_setDCOCenteredFrequency                 
000064e9  CS_setDCOExternalResistorCalibration       
000067f9  CS_setDCOFrequency                         
00006135  CS_setExternalClockSourceFrequency         
0000649b  CS_setReferenceOscillatorFrequency         
00006b1d  CS_startFaultCounter                       
00006275  CS_startHFXT                               
00006299  CS_startHFXTWithTimeout                    
0000635d  CS_startLFXT                               
00006381  CS_startLFXTWithTimeout                    
000065b5  CS_tuneDCOFrequency                        
00006c07  CS_unregisterInterrupt                     
0000a36b  DMA_ERR_IRQHandler                         
0000a36b  DMA_INT0_IRQHandler                        
0000a36b  DMA_INT1_IRQHandler                        
0000a36b  DMA_INT2_IRQHandler                        
0000a36b  DMA_INT3_IRQHandler                        
00008c53  DebounceSwitch                             
0000895d  DebounceSwitches                           
0000a36b  DebugMon_Handler                           
0000a36b  Default_Handler                            
00003a77  Delay1ms                                   
0000a36b  EUSCIA0_IRQHandler                         
0000a36b  EUSCIA1_IRQHandler                         
0000a36b  EUSCIA2_IRQHandler                         
0000a36b  EUSCIA3_IRQHandler                         
0000a36b  EUSCIB0_IRQHandler                         
0000a36b  EUSCIB1_IRQHandler                         
0000a36b  EUSCIB2_IRQHandler                         
0000a36b  EUSCIB3_IRQHandler                         
0000a36b  FLCTL_IRQHandler                           
0000a36b  FPU_IRQHandler                             
000034af  FlashCtl_clearInterruptFlag                
0000336f  FlashCtl_clearProgramVerification          
00003485  FlashCtl_disableInterrupt                  
000029d5  FlashCtl_disableReadBuffering              
000033d9  FlashCtl_disableWordProgramming            
00003471  FlashCtl_enableInterrupt                   
00002981  FlashCtl_enableReadBuffering               
000033a9  FlashCtl_enableWordProgramming             
00003001  FlashCtl_eraseSector                       
0000349f  FlashCtl_getEnabledInterruptStatus         
00003499  FlashCtl_getInterruptStatus                
00002603  FlashCtl_getMemoryInfo                     
00002e65  FlashCtl_getReadMode                       
0000343f  FlashCtl_getWaitState                      
00002e8f  FlashCtl_initiateMassErase                 
00003129  FlashCtl_initiateSectorErase               
00002b05  FlashCtl_isSectorProtected                 
000033e5  FlashCtl_isWordProgrammingEnabled          
00002eb5  FlashCtl_performMassErase                  
000031c9  FlashCtl_programMemory                     
00002aa5  FlashCtl_protectSector                     
000034c3  FlashCtl_registerInterrupt                 
00003335  FlashCtl_setProgramVerification            
00002df9  FlashCtl_setReadMode                       
00003401  FlashCtl_setWaitState                      
00002a35  FlashCtl_unprotectSector                   
000034d7  FlashCtl_unregisterInterrupt               
00002b91  FlashCtl_verifyMemory                      
00006c4d  FlashRead                                  
00006c5b  FlashWrite                                 
0000784b  GPIO_clearInterruptFlag                    
0000780b  GPIO_disableInterrupt                      
000077e9  GPIO_enableInterrupt                       
000078a3  GPIO_getEnabledInterruptStatus             
000077bb  GPIO_getInputPinValue                      
0000782d  GPIO_getInterruptStatus                    
0000786d  GPIO_interruptEdgeSelect                   
00007963  GPIO_registerInterrupt                     
00007563  GPIO_setAsInputPin                         
00007717  GPIO_setAsInputPinWithPullDownResistor     
00007769  GPIO_setAsInputPinWithPullUpResistor       
00007529  GPIO_setAsOutputPin                        
0000762d  GPIO_setAsPeripheralModuleFunctionInputPin 
000075a9  GPIO_setAsPeripheralModuleFunctionOutputPin
0000791f  GPIO_setDriveStrengthHigh                  
00007941  GPIO_setDriveStrengthLow                   
000076b1  GPIO_setOutputHighOnPin                    
000076d3  GPIO_setOutputLowOnPin                     
000076f5  GPIO_toggleOutputOnPin                     
00007983  GPIO_unregisterInterrupt                   
0000a378  GV_Logo                                    
0000a36b  HardFault_Handler                          
00007b6b  Interrupt_disableInterrupt                 
000079bb  Interrupt_disableMaster                    
00007d69  Interrupt_disableSleepOnIsrExit            
00007af9  Interrupt_enableInterrupt                  
000079ab  Interrupt_enableMaster                     
00007d57  Interrupt_enableSleepOnIsrExit             
00007ad3  Interrupt_getPriority                      
00007a4b  Interrupt_getPriorityGrouping              
00007d37  Interrupt_getPriorityMask                  
00007d51  Interrupt_getVectorTableAddress            
00007bdd  Interrupt_isEnabled                        
00007c69  Interrupt_pendInterrupt                    
000079cb  Interrupt_registerInterrupt                
00007a83  Interrupt_setPriority                      
00007a31  Interrupt_setPriorityGrouping              
00007d27  Interrupt_setPriorityMask                  
00007d41  Interrupt_setVectorTableAddress            
00007cd9  Interrupt_unpendInterrupt                  
00007a1d  Interrupt_unregisterInterrupt              
00008809  KeyPad_Init                                
0000883f  KeyPad_checkForCorrectPin                  
00008815  KeyPad_getInput                            
00007351  LCDIntOut                                  
000000e5  LCD_ClockInit48Mhz                         
000014a5  LCD_changeDateTime                         
00001d79  LCD_changePin                              
00000dd1  LCD_customize                              
0000131d  LCD_displayHome                            
00000b0d  LCD_motor                                  
000020cd  LCD_pin                                    
000004b9  LCD_printDayOfWeek                         
00001be5  LCD_setInitPin                             
00001365  LCD_showAlarm                              
0000067b  LCD_showMenu                               
0000232d  LCD_startup                                
000001a9  LCD_updateData                             
0000705d  LoadTimes                                  
0000a36b  MemManage_Handler                          
20000214  Message                                    
2000022c  Messageindex                               
00009a15  Motor_Init                                 
00009955  Motor_Lock                                 
000099b5  Motor_Unlock                               
0000a36b  NMI_Handler                                
00004d61  Output_Clear                               
00004d7b  Output_Color                               
00004d51  Output_Init                                
00004d6b  Output_Off                                 
00004d73  Output_On                                  
0000a36b  PCM_IRQHandler                             
000094ad  PHOTOCELL_adc14Init                        
00008bb7  PORT1_IRQHandler                           
00008bb7  PORT1_IRQHandler                           
00008bfd  PORT2_IRQHandler                           
00008bfd  PORT2_IRQHandler                           
0000a36b  PORT3_IRQHandler                           
0000a36b  PORT4_IRQHandler                           
00008b53  PORT5_IRQHandler                           
00008b53  PORT5_IRQHandler                           
0000a36b  PORT6_IRQHandler                           
0000a36b  PSS_IRQHandler                             
00009fcd  PWM_init                                   
00009fe1  PWM_setDutyCycleBuzzer                     
0000a36b  PendSV_Handler                             
000073c1  PushDateTimeUp                             
0000a36b  RTC_C_IRQHandler                           
00007d99  RTC_Init                                   
00007e0b  RTC_readData                               
20000200  RTC_registers                              
00007ffb  RTC_writeData                              
0000744d  ReadFromFlash                              
0000a35f  Reset_Handler                              
UNDEFED   SHT$$INIT_ARRAY$$Base                      
UNDEFED   SHT$$INIT_ARRAY$$Limit                     
00004059  ST7735_Color565                            
000040bd  ST7735_DrawBitmap                          
0000442d  ST7735_DrawChar                            
000042b9  ST7735_DrawCharS                           
00003e51  ST7735_DrawFastHLine                       
00003d93  ST7735_DrawFastVLine                       
00003d39  ST7735_DrawPixel                           
0000459d  ST7735_DrawString                          
00003f4d  ST7735_FillRect                            
00003f09  ST7735_FillScreen                          
00003c05  ST7735_InitB                               
00003c25  ST7735_InitR                               
000047d7  ST7735_InvertDisplay                       
00004c2d  ST7735_OutChar                             
00004cf3  ST7735_OutString                           
00004685  ST7735_OutUDec                             
00004b39  ST7735_PlotBar                             
00004801  ST7735_PlotClear                           
00004925  ST7735_PlotLine                            
00004bd9  ST7735_PlotNext                            
00004bf3  ST7735_PlotNextErase                       
0000485d  ST7735_PlotPoint                           
00004a65  ST7735_PlotPoints                          
00004b8f  ST7735_PlotdBfs                            
0000465f  ST7735_SetCursor                           
0000470d  ST7735_SetRotation                         
00004d11  ST7735_SetTextColor                        
0000408d  ST7735_SwapColor                           
0000a36b  SVC_Handler                                
00007489  SaveToFlash                                
200001c4  StTextColor                                
200001bc  StX                                        
200001c0  StY                                        
00008ea3  SysCtl_disableGlitchFilter                 
00008d33  SysCtl_disableNMISource                    
00008e3b  SysCtl_disablePeripheralAtCPUHalt          
00008d7d  SysCtl_disableSRAMBank                     
00008e01  SysCtl_disableSRAMBankRetention            
00008e97  SysCtl_enableGlitchFilter                  
00008d47  SysCtl_enableNMISource                     
00008e27  SysCtl_enablePeripheralAtCPUHalt           
00008d61  SysCtl_enableSRAMBank                      
00008de5  SysCtl_enableSRAMBankRetention             
00008d2d  SysCtl_getFlashSize                        
00008d5b  SysCtl_getNMISourceStatus                  
00008d27  SysCtl_getSRAMSize                         
00008cb1  SysCtl_getTLVInfo                          
00008eaf  SysCtl_getTempCalibrationConstant          
00008e1d  SysCtl_rebootDevice                        
00008e73  SysCtl_setWDTPasswordViolationResetType    
00008e4f  SysCtl_setWDTTimeoutResetType              
0000902b  SysTick_Delay                              
00009045  SysTick_Handler                            
00009045  SysTick_Handler                            
200001f8  SystemCoreClock                            
000084dd  SystemCoreClockUpdate                      
00008751  SystemInit                                 
00008f4d  T32_INT1_IRQHandler                        
00008f4d  T32_INT1_IRQHandler                        
0000a36b  T32_INT2_IRQHandler                        
0000a36b  T32_INTC_IRQHandler                        
0000a36b  TA0_0_IRQHandler                           
0000a36b  TA0_N_IRQHandler                           
0000a36b  TA1_0_IRQHandler                           
0000a36b  TA1_N_IRQHandler                           
0000a36b  TA2_0_IRQHandler                           
0000a36b  TA2_N_IRQHandler                           
0000a36b  TA3_0_IRQHandler                           
0000a36b  TA3_N_IRQHandler                           
00008f17  Timer32_Delay                              
00008ef5  Timer32_Init                               
0000a36b  UsageFault_Handler                         
4000480c  WDTCTL_SYM                                 
0000a36b  WDT_A_IRQHandler                           
00009a79  WDT_A_clearTimer                           
00009a39  WDT_A_holdTimer                            
00009ab5  WDT_A_initIntervalTimer                    
00009a99  WDT_A_initWatchdogTimer                    
00009ae9  WDT_A_registerInterrupt                    
00009ad1  WDT_A_setPasswordViolationReset            
00009add  WDT_A_setTimeoutReset                      
00009a59  WDT_A_startTimer                           
00009afd  WDT_A_unregisterInterrupt                  
0000a0c9  Watchdog_Init                              
20000230  X                                          
20000234  Ymax                                       
20000238  Ymin                                       
2000023c  Yrange                                     
000038db  __FlashCtl_remaskBurstDataPost             
000037c1  __FlashCtl_remaskBurstDataPre              
00003605  __FlashCtl_remaskData32Post                
000036e9  __FlashCtl_remaskData32Pre                 
000034e7  __FlashCtl_remaskData8Post                 
00003567  __FlashCtl_remaskData8Pre                  
20010000  __STACK_END                                
00000200  __STACK_SIZE                               
000106ac  __TI_CINIT_Base                            
000106c4  __TI_CINIT_Limit                           
000106a4  __TI_Handler_Table_Base                    
000106ac  __TI_Handler_Table_Limit                   
00009dc9  __TI_auto_init                             
200001d0  __TI_cleanup_ptr                           
0000a351  __TI_decompress_none                       
0000a36d  __TI_decompress_rle24                      
200001d4  __TI_dtors_ptr                             
200001d8  __TI_enable_exit_profile_output            
ffffffff  __TI_pprof_out_hndl                        
00005bcb  __TI_printfi                               
ffffffff  __TI_prof_data_size                        
ffffffff  __TI_prof_data_start                       
00000000  __TI_static_base__                         
00009c41  __aeabi_cdcmpeq                            
00009c41  __aeabi_cdcmple                            
00009cc7  __aeabi_cdrcmple                           
00009e39  __aeabi_d2f                                
0000a1b1  __aeabi_d2iz                               
0000a1f9  __aeabi_d2uiz                              
000092ff  __aeabi_dadd                               
00009625  __aeabi_ddiv                               
0000975b  __aeabi_dmul                               
000092f5  __aeabi_dsub                               
0000a27b  __aeabi_i2d                                
00009d4d  __aeabi_memclr                             
00009d4d  __aeabi_memclr4                            
00009d4d  __aeabi_memclr8                            
00009b11  __aeabi_memcpy                             
00009b11  __aeabi_memcpy4                            
00009b11  __aeabi_memcpy8                            
00009d4f  __aeabi_memset                             
00009d4f  __aeabi_memset4                            
00009d4f  __aeabi_memset8                            
0000a2a9  __aeabi_ui2d                               
00009101  __aeabi_uldivmod                           
ffffffff  __binit__                                  
ffffffff  __c_args__                                 
000094ab  __mpu_init                                 
2000fe00  __stack                                    
0000a2e5  _args_main                                 
0000a021  _c_int00                                   
000102bb  _ctypes_                                   
200001dc  _lock                                      
0000a323  _nop                                       
0000a31b  _register_lock                             
0000a315  _register_unlock                           
00009857  _system_post_cinit                         
0000a373  _system_pre_init                           
200001e0  _unlock                                    
0000a079  abort                                      
0000a119  atoi                                       
20000254  backgroundColor                            
2000025f  bcddate                                    
20000260  bcdday                                     
20000261  bcdhour                                    
20000262  bcdmin                                     
20000263  bcdmonth                                   
20000264  bcdyear                                    
ffffffff  binit                                      
200001ec  button                                     
20000265  buttonPressed                              
20000133  c                                          
00006de5  checkPin                                   
0000a165  copy_in                                    
0000a329  copysign                                   
0000a329  copysignl                                  
20000131  counter                                    
000100bb  dBfs                                       
20000240  dCycle                                     
20000266  date                                       
20000267  day                                        
200001ea  delay                                      
20000256  delayTime                                  
0000889f  detectPress                                
20000268  didChangePin                               
20000132  dx                                         
200001f0  errno                                      
0000a081  exit                                       
00004d43  ferror                                     
00004d37  fgetc                                      
0000461d  fillmessage                                
0000743d  flashInitRead                              
00004d25  fputc                                      
00009f11  frexp                                      
00009f11  frexpl                                     
20000000  g_pfnRAMVectors                            
000047fb  getInversion                               
20000269  hasDetected                                
2000026a  hour                                       
200001e4  i                                          
00000000  interruptVectors                           
2000026b  isAM                                       
2000026c  isAnimations                               
2000026d  isArmed                                    
2000026e  isDoorOpened                               
200001ca  isInverted                                 
2000026f  isLocked                                   
20000270  isMotionDetected                           
20000271  isPM                                       
20000272  isWindowOpened                             
200001e6  j                                          
200001cc  lastj                                      
00009859  ldexp                                      
00009859  ldexpl                                     
00009f75  ltoa                                       
0000816d  main                                       
200001f4  main_func_sp                               
0000a2c9  memccpy                                    
00009b11  memcpy                                     
00009d55  memset                                     
20000273  min                                        
20000274  month                                      
00003a69  parrotdelay                                
20000244  pin                                        
20000248  result                                     
00009859  scalbn                                     
00009859  scalbnl                                    
000088ab  scanKeys                                   
20000275  sec                                        
00008a6d  securityCheck_Init                         
20000276  shiftText                                  
00009bad  snprintf                                   
20000277  state                                      
200001ee  status                                     
200001fd  stepSizeX                                  
200001fc  stepSizeY                                  
200001e8  steps                                      
0000a2fd  strchr                                     
0000a33d  strlen                                     
20000258  tempF                                      
20000278  tempH                                      
20000279  tempL                                      
2000024c  tempPin                                    
2000025a  textBackgroundColor                        
2000025c  textColor                                  
000089c9  translate                                  
00006eb9  updateUserSettings                         
20000250  voltage                                    
2000027a  whatDetected                               
2000027b  year                                       


GLOBAL SYMBOLS: SORTED BY Symbol Address 

address   name                                       
-------   ----                                       
00000000  __TI_static_base__                         
00000000  interruptVectors                           
000000e5  LCD_ClockInit48Mhz                         
000001a9  LCD_updateData                             
00000200  __STACK_SIZE                               
000004b9  LCD_printDayOfWeek                         
0000067b  LCD_showMenu                               
00000b0d  LCD_motor                                  
00000dd1  LCD_customize                              
0000131d  LCD_displayHome                            
00001365  LCD_showAlarm                              
000014a5  LCD_changeDateTime                         
00001be5  LCD_setInitPin                             
00001d79  LCD_changePin                              
000020cd  LCD_pin                                    
0000232d  LCD_startup                                
00002603  FlashCtl_getMemoryInfo                     
00002981  FlashCtl_enableReadBuffering               
000029d5  FlashCtl_disableReadBuffering              
00002a35  FlashCtl_unprotectSector                   
00002aa5  FlashCtl_protectSector                     
00002b05  FlashCtl_isSectorProtected                 
00002b91  FlashCtl_verifyMemory                      
00002df9  FlashCtl_setReadMode                       
00002e65  FlashCtl_getReadMode                       
00002e8f  FlashCtl_initiateMassErase                 
00002eb5  FlashCtl_performMassErase                  
00003001  FlashCtl_eraseSector                       
00003129  FlashCtl_initiateSectorErase               
000031c9  FlashCtl_programMemory                     
00003335  FlashCtl_setProgramVerification            
0000336f  FlashCtl_clearProgramVerification          
000033a9  FlashCtl_enableWordProgramming             
000033d9  FlashCtl_disableWordProgramming            
000033e5  FlashCtl_isWordProgrammingEnabled          
00003401  FlashCtl_setWaitState                      
0000343f  FlashCtl_getWaitState                      
00003471  FlashCtl_enableInterrupt                   
00003485  FlashCtl_disableInterrupt                  
00003499  FlashCtl_getInterruptStatus                
0000349f  FlashCtl_getEnabledInterruptStatus         
000034af  FlashCtl_clearInterruptFlag                
000034c3  FlashCtl_registerInterrupt                 
000034d7  FlashCtl_unregisterInterrupt               
000034e7  __FlashCtl_remaskData8Post                 
00003567  __FlashCtl_remaskData8Pre                  
00003605  __FlashCtl_remaskData32Post                
000036e9  __FlashCtl_remaskData32Pre                 
000037c1  __FlashCtl_remaskBurstDataPre              
000038db  __FlashCtl_remaskBurstDataPost             
00003a69  parrotdelay                                
00003a77  Delay1ms                                   
00003c05  ST7735_InitB                               
00003c25  ST7735_InitR                               
00003d39  ST7735_DrawPixel                           
00003d93  ST7735_DrawFastVLine                       
00003e51  ST7735_DrawFastHLine                       
00003f09  ST7735_FillScreen                          
00003f4d  ST7735_FillRect                            
00004059  ST7735_Color565                            
0000408d  ST7735_SwapColor                           
000040bd  ST7735_DrawBitmap                          
000042b9  ST7735_DrawCharS                           
0000442d  ST7735_DrawChar                            
0000459d  ST7735_DrawString                          
0000461d  fillmessage                                
0000465f  ST7735_SetCursor                           
00004685  ST7735_OutUDec                             
0000470d  ST7735_SetRotation                         
000047d7  ST7735_InvertDisplay                       
000047fb  getInversion                               
00004801  ST7735_PlotClear                           
0000485d  ST7735_PlotPoint                           
00004925  ST7735_PlotLine                            
00004a65  ST7735_PlotPoints                          
00004b39  ST7735_PlotBar                             
00004b8f  ST7735_PlotdBfs                            
00004bd9  ST7735_PlotNext                            
00004bf3  ST7735_PlotNextErase                       
00004c2d  ST7735_OutChar                             
00004cf3  ST7735_OutString                           
00004d11  ST7735_SetTextColor                        
00004d25  fputc                                      
00004d37  fgetc                                      
00004d43  ferror                                     
00004d51  Output_Init                                
00004d61  Output_Clear                               
00004d6b  Output_Off                                 
00004d73  Output_On                                  
00004d7b  Output_Color                               
00005bcb  __TI_printfi                               
00006135  CS_setExternalClockSourceFrequency         
00006171  CS_initClockSignal                         
00006275  CS_startHFXT                               
00006299  CS_startHFXTWithTimeout                    
0000635d  CS_startLFXT                               
00006381  CS_startLFXTWithTimeout                    
00006451  CS_enableClockRequest                      
00006479  CS_disableClockRequest                     
0000649b  CS_setReferenceOscillatorFrequency         
000064c1  CS_enableDCOExternalResistor               
000064e9  CS_setDCOExternalResistorCalibration       
0000655f  CS_disableDCOExternalResistor              
0000657d  CS_setDCOCenteredFrequency                 
000065b5  CS_tuneDCOFrequency                        
00006659  CS_getDCOFrequency                         
000067f9  CS_setDCOFrequency                         
000069d1  CS_getBCLK                                 
000069ed  CS_getHSMCLK                               
00006a11  CS_getACLK                                 
00006a35  CS_getSMCLK                                
00006a57  CS_getMCLK                                 
00006a79  CS_enableFaultCounter                      
00006aa5  CS_disableFaultCounter                     
00006ad1  CS_resetFaultCounter                       
00006b1d  CS_startFaultCounter                       
00006b6d  CS_enableInterrupt                         
00006b8f  CS_disableInterrupt                        
00006bb1  CS_getInterruptStatus                      
00006bb7  CS_getEnabledInterruptStatus               
00006bd1  CS_clearInterruptFlag                      
00006bf3  CS_registerInterrupt                       
00006c07  CS_unregisterInterrupt                     
00006c4d  FlashRead                                  
00006c5b  FlashWrite                                 
00006de5  checkPin                                   
00006eb9  updateUserSettings                         
0000705d  LoadTimes                                  
00007351  LCDIntOut                                  
000073c1  PushDateTimeUp                             
0000743d  flashInitRead                              
0000744d  ReadFromFlash                              
00007489  SaveToFlash                                
00007529  GPIO_setAsOutputPin                        
00007563  GPIO_setAsInputPin                         
000075a9  GPIO_setAsPeripheralModuleFunctionOutputPin
0000762d  GPIO_setAsPeripheralModuleFunctionInputPin 
000076b1  GPIO_setOutputHighOnPin                    
000076d3  GPIO_setOutputLowOnPin                     
000076f5  GPIO_toggleOutputOnPin                     
00007717  GPIO_setAsInputPinWithPullDownResistor     
00007769  GPIO_setAsInputPinWithPullUpResistor       
000077bb  GPIO_getInputPinValue                      
000077e9  GPIO_enableInterrupt                       
0000780b  GPIO_disableInterrupt                      
0000782d  GPIO_getInterruptStatus                    
0000784b  GPIO_clearInterruptFlag                    
0000786d  GPIO_interruptEdgeSelect                   
000078a3  GPIO_getEnabledInterruptStatus             
0000791f  GPIO_setDriveStrengthHigh                  
00007941  GPIO_setDriveStrengthLow                   
00007963  GPIO_registerInterrupt                     
00007983  GPIO_unregisterInterrupt                   
000079ab  Interrupt_enableMaster                     
000079bb  Interrupt_disableMaster                    
000079cb  Interrupt_registerInterrupt                
00007a1d  Interrupt_unregisterInterrupt              
00007a31  Interrupt_setPriorityGrouping              
00007a4b  Interrupt_getPriorityGrouping              
00007a83  Interrupt_setPriority                      
00007ad3  Interrupt_getPriority                      
00007af9  Interrupt_enableInterrupt                  
00007b6b  Interrupt_disableInterrupt                 
00007bdd  Interrupt_isEnabled                        
00007c69  Interrupt_pendInterrupt                    
00007cd9  Interrupt_unpendInterrupt                  
00007d27  Interrupt_setPriorityMask                  
00007d37  Interrupt_getPriorityMask                  
00007d41  Interrupt_setVectorTableAddress            
00007d51  Interrupt_getVectorTableAddress            
00007d57  Interrupt_enableSleepOnIsrExit             
00007d69  Interrupt_disableSleepOnIsrExit            
00007d99  RTC_Init                                   
00007e0b  RTC_readData                               
00007ffb  RTC_writeData                              
0000816d  main                                       
000084dd  SystemCoreClockUpdate                      
00008751  SystemInit                                 
00008809  KeyPad_Init                                
00008815  KeyPad_getInput                            
0000883f  KeyPad_checkForCorrectPin                  
0000889f  detectPress                                
000088ab  scanKeys                                   
0000895d  DebounceSwitches                           
000089c9  translate                                  
00008a6d  securityCheck_Init                         
00008b53  PORT5_IRQHandler                           
00008b53  PORT5_IRQHandler                           
00008bb7  PORT1_IRQHandler                           
00008bb7  PORT1_IRQHandler                           
00008bfd  PORT2_IRQHandler                           
00008bfd  PORT2_IRQHandler                           
00008c53  DebounceSwitch                             
00008cb1  SysCtl_getTLVInfo                          
00008d27  SysCtl_getSRAMSize                         
00008d2d  SysCtl_getFlashSize                        
00008d33  SysCtl_disableNMISource                    
00008d47  SysCtl_enableNMISource                     
00008d5b  SysCtl_getNMISourceStatus                  
00008d61  SysCtl_enableSRAMBank                      
00008d7d  SysCtl_disableSRAMBank                     
00008de5  SysCtl_enableSRAMBankRetention             
00008e01  SysCtl_disableSRAMBankRetention            
00008e1d  SysCtl_rebootDevice                        
00008e27  SysCtl_enablePeripheralAtCPUHalt           
00008e3b  SysCtl_disablePeripheralAtCPUHalt          
00008e4f  SysCtl_setWDTTimeoutResetType              
00008e73  SysCtl_setWDTPasswordViolationResetType    
00008e97  SysCtl_enableGlitchFilter                  
00008ea3  SysCtl_disableGlitchFilter                 
00008eaf  SysCtl_getTempCalibrationConstant          
00008ef5  Timer32_Init                               
00008f17  Timer32_Delay                              
00008f4d  T32_INT1_IRQHandler                        
00008f4d  T32_INT1_IRQHandler                        
0000902b  SysTick_Delay                              
00009045  SysTick_Handler                            
00009045  SysTick_Handler                            
00009101  __aeabi_uldivmod                           
000092f5  __aeabi_dsub                               
000092ff  __aeabi_dadd                               
000094ab  __mpu_init                                 
000094ad  PHOTOCELL_adc14Init                        
0000953b  ADC14_IRQHandler                           
0000953b  ADC14_IRQHandler                           
00009625  __aeabi_ddiv                               
0000975b  __aeabi_dmul                               
00009857  _system_post_cinit                         
00009859  ldexp                                      
00009859  ldexpl                                     
00009859  scalbn                                     
00009859  scalbnl                                    
00009955  Motor_Lock                                 
000099b5  Motor_Unlock                               
00009a15  Motor_Init                                 
00009a39  WDT_A_holdTimer                            
00009a59  WDT_A_startTimer                           
00009a79  WDT_A_clearTimer                           
00009a99  WDT_A_initWatchdogTimer                    
00009ab5  WDT_A_initIntervalTimer                    
00009ad1  WDT_A_setPasswordViolationReset            
00009add  WDT_A_setTimeoutReset                      
00009ae9  WDT_A_registerInterrupt                    
00009afd  WDT_A_unregisterInterrupt                  
00009b11  __aeabi_memcpy                             
00009b11  __aeabi_memcpy4                            
00009b11  __aeabi_memcpy8                            
00009b11  memcpy                                     
00009bad  snprintf                                   
00009c41  __aeabi_cdcmpeq                            
00009c41  __aeabi_cdcmple                            
00009cc7  __aeabi_cdrcmple                           
00009d4d  __aeabi_memclr                             
00009d4d  __aeabi_memclr4                            
00009d4d  __aeabi_memclr8                            
00009d4f  __aeabi_memset                             
00009d4f  __aeabi_memset4                            
00009d4f  __aeabi_memset8                            
00009d55  memset                                     
00009dc9  __TI_auto_init                             
00009e39  __aeabi_d2f                                
00009f11  frexp                                      
00009f11  frexpl                                     
00009f75  ltoa                                       
00009fcd  PWM_init                                   
00009fe1  PWM_setDutyCycleBuzzer                     
0000a021  _c_int00                                   
0000a075  C$$EXIT                                    
0000a079  abort                                      
0000a081  exit                                       
0000a0c9  Watchdog_Init                              
0000a119  atoi                                       
0000a165  copy_in                                    
0000a1b1  __aeabi_d2iz                               
0000a1f9  __aeabi_d2uiz                              
0000a23d  CPU_cpsid                                  
0000a249  CPU_primask                                
0000a253  CPU_cpsie                                  
0000a25f  CPU_wfi                                    
0000a263  CPU_basepriSet                             
0000a271  CPU_basepriGet                             
0000a27b  __aeabi_i2d                                
0000a2a9  __aeabi_ui2d                               
0000a2c9  memccpy                                    
0000a2e5  _args_main                                 
0000a2fd  strchr                                     
0000a315  _register_unlock                           
0000a31b  _register_lock                             
0000a323  _nop                                       
0000a329  copysign                                   
0000a329  copysignl                                  
0000a33d  strlen                                     
0000a351  __TI_decompress_none                       
0000a35f  Reset_Handler                              
0000a36b  AES256_IRQHandler                          
0000a36b  BusFault_Handler                           
0000a36b  COMP_E0_IRQHandler                         
0000a36b  COMP_E1_IRQHandler                         
0000a36b  CS_IRQHandler                              
0000a36b  DMA_ERR_IRQHandler                         
0000a36b  DMA_INT0_IRQHandler                        
0000a36b  DMA_INT1_IRQHandler                        
0000a36b  DMA_INT2_IRQHandler                        
0000a36b  DMA_INT3_IRQHandler                        
0000a36b  DebugMon_Handler                           
0000a36b  Default_Handler                            
0000a36b  EUSCIA0_IRQHandler                         
0000a36b  EUSCIA1_IRQHandler                         
0000a36b  EUSCIA2_IRQHandler                         
0000a36b  EUSCIA3_IRQHandler                         
0000a36b  EUSCIB0_IRQHandler                         
0000a36b  EUSCIB1_IRQHandler                         
0000a36b  EUSCIB2_IRQHandler                         
0000a36b  EUSCIB3_IRQHandler                         
0000a36b  FLCTL_IRQHandler                           
0000a36b  FPU_IRQHandler                             
0000a36b  HardFault_Handler                          
0000a36b  MemManage_Handler                          
0000a36b  NMI_Handler                                
0000a36b  PCM_IRQHandler                             
0000a36b  PORT3_IRQHandler                           
0000a36b  PORT4_IRQHandler                           
0000a36b  PORT6_IRQHandler                           
0000a36b  PSS_IRQHandler                             
0000a36b  PendSV_Handler                             
0000a36b  RTC_C_IRQHandler                           
0000a36b  SVC_Handler                                
0000a36b  T32_INT2_IRQHandler                        
0000a36b  T32_INTC_IRQHandler                        
0000a36b  TA0_0_IRQHandler                           
0000a36b  TA0_N_IRQHandler                           
0000a36b  TA1_0_IRQHandler                           
0000a36b  TA1_N_IRQHandler                           
0000a36b  TA2_0_IRQHandler                           
0000a36b  TA2_N_IRQHandler                           
0000a36b  TA3_0_IRQHandler                           
0000a36b  TA3_N_IRQHandler                           
0000a36b  UsageFault_Handler                         
0000a36b  WDT_A_IRQHandler                           
0000a36d  __TI_decompress_rle24                      
0000a373  _system_pre_init                           
0000a378  GV_Logo                                    
000100bb  dBfs                                       
000102bb  _ctypes_                                   
000106a4  __TI_Handler_Table_Base                    
000106ac  __TI_CINIT_Base                            
000106ac  __TI_Handler_Table_Limit                   
000106c4  __TI_CINIT_Limit                           
20000000  g_pfnRAMVectors                            
200000e4  AlarmInformation                           
20000131  counter                                    
20000132  dx                                         
20000133  c                                          
200001bc  StX                                        
200001c0  StY                                        
200001c4  StTextColor                                
200001ca  isInverted                                 
200001cc  lastj                                      
200001d0  __TI_cleanup_ptr                           
200001d4  __TI_dtors_ptr                             
200001d8  __TI_enable_exit_profile_output            
200001dc  _lock                                      
200001e0  _unlock                                    
200001e4  i                                          
200001e6  j                                          
200001e8  steps                                      
200001ea  delay                                      
200001ec  button                                     
200001ee  status                                     
200001f0  errno                                      
200001f4  main_func_sp                               
200001f8  SystemCoreClock                            
200001fc  stepSizeY                                  
200001fd  stepSizeX                                  
20000200  RTC_registers                              
20000214  Message                                    
2000022c  Messageindex                               
20000230  X                                          
20000234  Ymax                                       
20000238  Ymin                                       
2000023c  Yrange                                     
20000240  dCycle                                     
20000244  pin                                        
20000248  result                                     
2000024c  tempPin                                    
20000250  voltage                                    
20000254  backgroundColor                            
20000256  delayTime                                  
20000258  tempF                                      
2000025a  textBackgroundColor                        
2000025c  textColor                                  
2000025e  AMPM                                       
2000025f  bcddate                                    
20000260  bcdday                                     
20000261  bcdhour                                    
20000262  bcdmin                                     
20000263  bcdmonth                                   
20000264  bcdyear                                    
20000265  buttonPressed                              
20000266  date                                       
20000267  day                                        
20000268  didChangePin                               
20000269  hasDetected                                
2000026a  hour                                       
2000026b  isAM                                       
2000026c  isAnimations                               
2000026d  isArmed                                    
2000026e  isDoorOpened                               
2000026f  isLocked                                   
20000270  isMotionDetected                           
20000271  isPM                                       
20000272  isWindowOpened                             
20000273  min                                        
20000274  month                                      
20000275  sec                                        
20000276  shiftText                                  
20000277  state                                      
20000278  tempH                                      
20000279  tempL                                      
2000027a  whatDetected                               
2000027b  year                                       
2000fe00  __stack                                    
20010000  __STACK_END                                
4000480c  WDTCTL_SYM                                 
ffffffff  __TI_pprof_out_hndl                        
ffffffff  __TI_prof_data_size                        
ffffffff  __TI_prof_data_start                       
ffffffff  __binit__                                  
ffffffff  __c_args__                                 
ffffffff  binit                                      
UNDEFED   SHT$$INIT_ARRAY$$Base                      
UNDEFED   SHT$$INIT_ARRAY$$Limit                     

[432 symbols]
